// Jest Snapshot v1, https://goo.gl/fbAQLP

exports[`task :: do_publish() [속성 비교] data : entity.json 1`] = `
"{
	"isPublic": true,
	"content": {
		"Table": "1",
		"Tables": [
			10,
			20
		]
	},
	"dir": "/Users/kimneo/PJ-Git/AutoTemplate#v01/__test__/base/mod1",
	"area": "DATA",
	"fullPath": "/Users/kimneo/PJ-Git/AutoTemplate#v01/__test__/base/mod1/template/data/entity",
	"areaDir": "template/data",
	"subDir": "",
	"subPath": "entity",
	"localDir": "template/data",
	"localPath": "template/data/entity",
	"name": "entity",
	"fileName": "entity.json",
	"filePath": "/Users/kimneo/PJ-Git/AutoTemplate#v01/__test__/base/mod1/template/data/entity.json"
}"
`;

exports[`task :: do_publish() [속성 비교] helper : bold.js 1`] = `
"{
	"isPublic": true,
	"dir": "/Users/kimneo/PJ-Git/AutoTemplate#v01/__test__/base/mod1",
	"area": "HELPER",
	"fullPath": "/Users/kimneo/PJ-Git/AutoTemplate#v01/__test__/base/mod1/template/helper/bold",
	"areaDir": "template/helper",
	"subDir": "",
	"subPath": "bold",
	"localDir": "template/helper",
	"localPath": "template/helper/bold",
	"name": "bold",
	"fileName": "bold.js",
	"filePath": "/Users/kimneo/PJ-Git/AutoTemplate#v01/__test__/base/mod1/template/helper/bold.js"
}"
`;

exports[`task :: do_publish() [속성 비교] part : inc/content.hbs 1`] = `
"{
	"isPublic": true,
	"content": "@part/inc/content@\\n\\n내용임\\n",
	"dir": "/Users/kimneo/PJ-Git/AutoTemplate#v01/__test__/base/mod1",
	"area": "PART",
	"fullPath": "/Users/kimneo/PJ-Git/AutoTemplate#v01/__test__/base/mod1/template/part/inc/content",
	"areaDir": "template/part",
	"subDir": "inc",
	"subPath": "inc/content",
	"localDir": "template/part/inc",
	"localPath": "template/part/inc/content",
	"name": "content",
	"fileName": "content.hbs",
	"filePath": "/Users/kimneo/PJ-Git/AutoTemplate#v01/__test__/base/mod1/template/part/inc/content.hbs",
	"saveName": "content",
	"saveDir": "/Users/kimneo/PJ-Git/AutoTemplate#v01/__test__/base/mod1/template/part/inc",
	"savePath": "/Users/kimneo/PJ-Git/AutoTemplate#v01/__test__/base/mod1/template/part/inc/content",
	"origin": "inc/content"
}"
`;

exports[`task :: do_publish() [속성 비교] part : inc/foote.hbs 1`] = `
"{
	"isPublic": true,
	"content": "@part/inc/footer@\\n<p>기본 footer. </p>\\n@entity.Table={{ entity.Table }}@",
	"dir": "/Users/kimneo/PJ-Git/AutoTemplate#v01/__test__/base/mod1",
	"area": "PART",
	"fullPath": "/Users/kimneo/PJ-Git/AutoTemplate#v01/__test__/base/mod1/template/part/inc/footer",
	"areaDir": "template/part",
	"subDir": "inc",
	"subPath": "inc/footer",
	"localDir": "template/part/inc",
	"localPath": "template/part/inc/footer",
	"name": "footer",
	"fileName": "footer.hbs",
	"filePath": "/Users/kimneo/PJ-Git/AutoTemplate#v01/__test__/base/mod1/template/part/inc/footer.hbs",
	"saveName": "footer",
	"saveDir": "/Users/kimneo/PJ-Git/AutoTemplate#v01/__test__/base/mod1/template/part/inc",
	"savePath": "/Users/kimneo/PJ-Git/AutoTemplate#v01/__test__/base/mod1/template/part/inc/footer",
	"origin": "inc/footer"
}"
`;

exports[`task :: do_publish() [속성 비교] part : inc/header.hbs 1`] = `
"{
	"isPublic": true,
	"content": "@part/inc/header@\\n<div class=\\"header\\">\\n  header 내용입 \\n  X param:{{param}}\\n  X params.[0]:{{params.[0]}}\\n  X params.0:{{param}}\\n  @entity.Tables.[0]:{{ entity.Tables.[0] }}@\\n{{#each params}}\\n    {{this}} sss\\n{{/each}}\\n</div>\\n\\ninc 하단에 내용\\n{{> inc/content }}",
	"dir": "/Users/kimneo/PJ-Git/AutoTemplate#v01/__test__/base/mod1",
	"area": "PART",
	"fullPath": "/Users/kimneo/PJ-Git/AutoTemplate#v01/__test__/base/mod1/template/part/inc/header",
	"areaDir": "template/part",
	"subDir": "inc",
	"subPath": "inc/header",
	"localDir": "template/part/inc",
	"localPath": "template/part/inc/header",
	"name": "header",
	"fileName": "header.hbs",
	"filePath": "/Users/kimneo/PJ-Git/AutoTemplate#v01/__test__/base/mod1/template/part/inc/header.hbs",
	"saveName": "header",
	"saveDir": "/Users/kimneo/PJ-Git/AutoTemplate#v01/__test__/base/mod1/template/part/inc",
	"savePath": "/Users/kimneo/PJ-Git/AutoTemplate#v01/__test__/base/mod1/template/part/inc/header",
	"origin": "inc/header"
}"
`;

exports[`task :: do_publish() [속성 비교] src : one.html.hbs 1`] = `
"{
	"isPublic": true,
	"content": "{{> inc/footer }}\\n\\n{{#> inc/header }}\\n    @inc/header:none@ 없음\\n{{/inc/header }}\\n\\n@{{#bold }}BOLD{{/bold }}@\\n- End - ",
	"dir": "/Users/kimneo/PJ-Git/AutoTemplate#v01/__test__/base/mod1",
	"area": "SRC",
	"fullPath": "/Users/kimneo/PJ-Git/AutoTemplate#v01/__test__/base/mod1/src/one.html",
	"areaDir": "src",
	"subDir": "",
	"subPath": "one.html",
	"localDir": "src",
	"localPath": "src/one.html",
	"name": "one.html",
	"fileName": "one.html.hbs",
	"filePath": "/Users/kimneo/PJ-Git/AutoTemplate#v01/__test__/base/mod1/src/one.html.hbs",
	"saveName": "one.html",
	"saveDir": "/Users/kimneo/PJ-Git/AutoTemplate#v01/__test__/base/mod1/src",
	"savePath": "/Users/kimneo/PJ-Git/AutoTemplate#v01/__test__/base/mod1/src/one.html",
	"origin": "one.html"
}"
`;

exports[`task :: do_publish() [파일 비교] : /src/one.html 1`] = `
"@part/inc/footer@
<p>기본 footer. </p>
@entity.Table=1@
@part/inc/header@
<div class="header">
  header 내용입 
  X param:
  X params.[0]:
  X params.0:
  @entity.Tables.[0]:10@
</div>

inc 하단에 내용
@part/inc/content@

내용임

@<div class="mybold">BOLD</div>@
- End - "
`;
